STATION01,passwd,CALLING: DISK,CONTENT: 12	./src
20	./gen
8	./lib
104	.

STATION01,passwd,CALLING: MEMORY,CONTENT: MemTotal:        3865904 kB
MemFree:          251436 kB
MemAvailable:     889428 kB
Buffers:           63768 kB
Cached:          1384576 kB
SwapCached:         3224 kB
Active:          2269944 kB
Inactive:        1021720 kB
Active(anon):    1894312 kB
Inactive(anon):   597620 kB
Active(file):     375632 kB
Inactive(file):   424100 kB
Unevictable:          64 kB
Mlocked:              64 kB
SwapTotal:        976892 kB
SwapFree:         964080 kB
Dirty:              2256 kB
Writeback:             0 kB
AnonPages:       1840156 kB
Mapped:           495984 kB
Shmem:            648612 kB
Slab:             156816 kB
SReclaimable:      93084 kB
SUnreclaim:        63732 kB
KernelStack:       13024 kB
PageTables:        68492 kB
NFS_Unstable:          0 kB
Bounce:                0 kB
WritebackTmp:          0 kB
CommitLimit:     2909844 kB
Committed_AS:    9441072 kB
VmallocTotal:   34359738367 kB
VmallocUsed:           0 kB
VmallocChunk:          0 kB
HardwareCorrupted:     0 kB
AnonHugePages:         0 kB
ShmemHugePages:        0 kB
ShmemPmdMapped:        0 kB
CmaTotal:              0 kB
CmaFree:               0 kB
HugePages_Total:       0
HugePages_Free:        0
HugePages_Rsvd:        0
HugePages_Surp:        0
Hugepagesize:       2048 kB
DirectMap4k:      314604 kB
DirectMap2M:     3708928 kB
DirectMap1G:     2097152 kB

STATION01,passwd,CALLING: USERS,CONTENT: henrique tty7         2019-12-08 14:18 (:0)

