Horário: 13:22:19
MemTotal:        8040996 kB
MemFree:         2442004 kB
MemAvailable:    5048768 kB
Buffers:          287444 kB
Cached:          2413560 kB
SwapCached:            0 kB
Active:          3290524 kB
Inactive:        1386244 kB
Active(anon):    1981112 kB
Inactive(anon):   430652 kB
Active(file):    1309412 kB
Inactive(file):   955592 kB
Unevictable:          48 kB
Mlocked:              48 kB
SwapTotal:       1000444 kB
SwapFree:        1000444 kB
Dirty:               380 kB
Writeback:             0 kB
AnonPages:       1975988 kB
Mapped:           616384 kB
Shmem:            436000 kB
Slab:             787520 kB
SReclaimable:     643128 kB
SUnreclaim:       144392 kB
KernelStack:       16656 kB
PageTables:        47496 kB
NFS_Unstable:          0 kB
Bounce:                0 kB
WritebackTmp:          0 kB
CommitLimit:     5020940 kB
Committed_AS:    7939988 kB
VmallocTotal:   34359738367 kB
VmallocUsed:           0 kB
VmallocChunk:          0 kB
HardwareCorrupted:     0 kB
AnonHugePages:  Horário: 13:25:33
MemTotal:        8040996 kB
MemFree:         2421688 kB
MemAvailable:    5028836 kB
Buffers:          287764 kB
Cached:          2415228 kB
SwapCached:            0 kB
Active:          3309360 kB
Inactive:        1387900 kB
Active(anon):    1999592 kB
Inactive(anon):   432276 kB
Active(file):    1309768 kB
Inactive(file):   955624 kB
Unevictable:          48 kB
Mlocked:              48 kB
SwapTotal:       1000444 kB
SwapFree:        1000444 kB
Dirty:               204 kB
Writeback:             0 kB
AnonPages:       1994096 kB
Mapped:           615896 kB
Shmem:            437600 kB
Slab:             787440 kB
SReclaimable:     643120 kB
SUnreclaim:       144320 kB
KernelStack:       16628 kB
PageTables:        47468 kB
NFS_Unstable:          0 kB
Bounce:                0 kB
WritebackTmp:          0 kB
CommitLimit:     5020940 kB
Committed_AS:    7940340 kB
VmallocTotal:   34359738367 kB
VmallocUsed:           0 kB
VmallocChunk:          0 kB
HardwareCorrupted:     0 kB
AnonHugePages:  