Horário: 1:34:19MemTotal:        3865916 kB
MemFree:         1418280 kB
MemAvailable:    1691552 kB
Buffers:           32032 kB
Cached:           942620 kB
SwapCached:        25860 kB
Active:          1565088 kB
Inactive:         605132 kB
Active(anon):    1370756 kB
Inactive(anon):   348180 kB
Active(file):     194332 kB
Inactive(file):   256952 kB
Unevictable:          64 kB
Mlocked:              64 kB
SwapTotal:        976892 kB
SwapFree:         225604 kB
Dirty:              3392 kB
Writeback:             0 kB
AnonPages:       1170316 kB
Mapped:           620008 kB
Shmem:            523368 kB
Slab:             128344 kB
SReclaimable:      60720 kB
SUnreclaim:        67624 kB
KernelStack:       12368 kB
PageTables:        59820 kB
NFS_Unstable:          0 kB
Bounce:                0 kB
WritebackTmp:          0 kB
CommitLimit:     2909848 kB
Committed_AS:    8779056 kB
VmallocTotal:   34359738367 kB
VmallocUsed:           0 kB
VmallocChunk:          0 kB
HardwareCorrupted:     0 kB
AnonHugePages:   
---------
Horário: 2:3:21MemTotal:        3865916 kB
MemFree:          857268 kB
MemAvailable:    1397892 kB
Buffers:           59236 kB
Cached:          1227108 kB
SwapCached:        28264 kB
Active:          1951008 kB
Inactive:         765920 kB
Active(anon):    1603756 kB
Inactive(anon):   396460 kB
Active(file):     347252 kB
Inactive(file):   369460 kB
Unevictable:          64 kB
Mlocked:              64 kB
SwapTotal:        976892 kB
SwapFree:         238884 kB
Dirty:               556 kB
Writeback:             0 kB
AnonPages:       1402960 kB
Mapped:           664960 kB
Shmem:            569632 kB
Slab:             132072 kB
SReclaimable:      64520 kB
SUnreclaim:        67552 kB
KernelStack:       13104 kB
PageTables:        65632 kB
NFS_Unstable:          0 kB
Bounce:                0 kB
WritebackTmp:          0 kB
CommitLimit:     2909848 kB
Committed_AS:    9606176 kB
VmallocTotal:   34359738367 kB
VmallocUsed:           0 kB
VmallocChunk:          0 kB
HardwareCorrupted:     0 kB
AnonHugePages:   
---------
Horário: 2:3:24MemTotal:        3865916 kB
MemFree:          859888 kB
MemAvailable:    1400512 kB
Buffers:           59236 kB
Cached:          1225552 kB
SwapCached:        28264 kB
Active:          1950272 kB
Inactive:         764364 kB
Active(anon):    1603020 kB
Inactive(anon):   394904 kB
Active(file):     347252 kB
Inactive(file):   369460 kB
Unevictable:          64 kB
Mlocked:              64 kB
SwapTotal:        976892 kB
SwapFree:         238884 kB
Dirty:               572 kB
Writeback:             0 kB
AnonPages:       1402156 kB
Mapped:           664784 kB
Shmem:            568076 kB
Slab:             132072 kB
SReclaimable:      64520 kB
SUnreclaim:        67552 kB
KernelStack:       13064 kB
PageTables:        65620 kB
NFS_Unstable:          0 kB
Bounce:                0 kB
WritebackTmp:          0 kB
CommitLimit:     2909848 kB
Committed_AS:    9606176 kB
VmallocTotal:   34359738367 kB
VmallocUsed:           0 kB
VmallocChunk:          0 kB
HardwareCorrupted:     0 kB
AnonHugePages:   
---------
Horário: 2:3:27MemTotal:        3865916 kB
MemFree:          858384 kB
MemAvailable:    1399020 kB
Buffers:           59244 kB
Cached:          1226100 kB
SwapCached:        28264 kB
Active:          1951108 kB
Inactive:         764912 kB
Active(anon):    1603848 kB
Inactive(anon):   395448 kB
Active(file):     347260 kB
Inactive(file):   369464 kB
Unevictable:          64 kB
Mlocked:              64 kB
SwapTotal:        976892 kB
SwapFree:         238884 kB
Dirty:               600 kB
Writeback:             0 kB
AnonPages:       1402948 kB
Mapped:           665080 kB
Shmem:            568620 kB
Slab:             132072 kB
SReclaimable:      64520 kB
SUnreclaim:        67552 kB
KernelStack:       13064 kB
PageTables:        65624 kB
NFS_Unstable:          0 kB
Bounce:                0 kB
WritebackTmp:          0 kB
CommitLimit:     2909848 kB
Committed_AS:    9606176 kB
VmallocTotal:   34359738367 kB
VmallocUsed:           0 kB
VmallocChunk:          0 kB
HardwareCorrupted:     0 kB
AnonHugePages:   
---------
Horário: 2:3:30MemTotal:        3865916 kB
MemFree:          859004 kB
MemAvailable:    1399660 kB
Buffers:           59252 kB
Cached:          1225624 kB
SwapCached:        28264 kB
Active:          1950868 kB
Inactive:         764432 kB
Active(anon):    1603596 kB
Inactive(anon):   394964 kB
Active(file):     347272 kB
Inactive(file):   369468 kB
Unevictable:          64 kB
Mlocked:              64 kB
SwapTotal:        976892 kB
SwapFree:         238884 kB
Dirty:               628 kB
Writeback:             0 kB
AnonPages:       1402780 kB
Mapped:           664756 kB
Shmem:            568136 kB
Slab:             132076 kB
SReclaimable:      64524 kB
SUnreclaim:        67552 kB
KernelStack:       13040 kB
PageTables:        65624 kB
NFS_Unstable:          0 kB
Bounce:                0 kB
WritebackTmp:          0 kB
CommitLimit:     2909848 kB
Committed_AS:    9606176 kB
VmallocTotal:   34359738367 kB
VmallocUsed:           0 kB
VmallocChunk:          0 kB
HardwareCorrupted:     0 kB
AnonHugePages:   
---------
